../Core/Src/Motor.c:85:15:Motor_frontSetPWR	24	static
../Core/Src/Motor.c:97:15:Motor_frontMoveRight	8	static
../Core/Src/Motor.c:108:15:Motor_frontMoveLeft	8	static
../Core/Src/Motor.c:118:15:Motor_frontStop	8	static
../Core/Src/Motor.c:129:15:Motor_frontStart	8	static
../Core/Src/Motor.c:135:15:Motor_rearSetPWR	24	static
../Core/Src/Motor.c:146:15:Motor_rearMoveForward	24	static
../Core/Src/Motor.c:157:15:Motor_rearMoveBackward	24	static
../Core/Src/Motor.c:168:15:Motor_rearStop	8	static
../Core/Src/Motor.c:179:15:Motor_rearStart	24	static
